================================================================================
ChronoLens RAG Pipeline Test
================================================================================

[1/5] Importing RAG module...
